interactions:
- request:
    body: '{"digitaleAdressen": null, "voorkeursDigitaalAdres": null, "rekeningnummers":
      null, "voorkeursRekeningnummer": null, "indicatieGeheimhouding": false, "indicatieActief":
      true, "voorkeurstaal": "ast", "soortPartij": "persoon", "partijIdentificatie":
      {"contactnaam": {"voorletters": "Mrs.", "voornaam": "Linda", "voorvoegselAchternaam":
      "Dr.", "achternaam": "Baker"}}}'
    headers:
      Authorization:
      - Token b2eb1da9861da88743d72a3fb4344288fe2cba44
      Content-Length:
      - '365'
      Content-Type:
      - application/json
    method: POST
    uri: http://localhost:8338/klantinteracties/api/v1/partijen
  response:
    body:
      string: '{"uuid":"063cd55e-522c-4f33-9fc1-12e87c3ee853","url":"http://localhost:8338/klantinteracties/api/v1/partijen/063cd55e-522c-4f33-9fc1-12e87c3ee853","nummer":"0000000001","interneNotitie":"","betrokkenen":[],"categorieRelaties":[],"digitaleAdressen":[],"voorkeursDigitaalAdres":null,"vertegenwoordigden":[],"rekeningnummers":[],"voorkeursRekeningnummer":null,"partijIdentificatoren":[],"soortPartij":"persoon","indicatieGeheimhouding":false,"voorkeurstaal":"ast","indicatieActief":true,"bezoekadres":{"nummeraanduidingId":"","adresregel1":"","adresregel2":"","adresregel3":"","land":""},"correspondentieadres":{"nummeraanduidingId":"","adresregel1":"","adresregel2":"","adresregel3":"","land":""},"partijIdentificatie":{"contactnaam":{"voorletters":"Mrs.","voornaam":"Linda","voorvoegselAchternaam":"Dr.","achternaam":"Baker"},"volledigeNaam":"Linda
        Dr. Baker"}}'
    headers:
      API-version:
      - 0.0.3
      Allow:
      - GET, POST, HEAD, OPTIONS
      Content-Length:
      - '860'
      Content-Type:
      - application/json
      Cross-Origin-Opener-Policy:
      - same-origin
      Location:
      - http://localhost:8338/klantinteracties/api/v1/partijen/063cd55e-522c-4f33-9fc1-12e87c3ee853
      Referrer-Policy:
      - same-origin
      Vary:
      - origin
      X-Content-Type-Options:
      - nosniff
      X-Frame-Options:
      - DENY
    status:
      code: 201
      message: Created
- request:
    body: '{"adres": "67602 Jennifer Bridge Suite 480\nMariaburgh, MO 55486", "omschrijving":
      "most", "soortDigitaalAdres": "head", "verstrektDoorBetrokkene": null, "verstrektDoorPartij":
      {"uuid": "063cd55e-522c-4f33-9fc1-12e87c3ee853"}}'
    headers:
      Authorization:
      - Token b2eb1da9861da88743d72a3fb4344288fe2cba44
      Content-Length:
      - '226'
      Content-Type:
      - application/json
    method: POST
    uri: http://localhost:8338/klantinteracties/api/v1/digitaleadressen
  response:
    body:
      string: '{"uuid":"8342e396-9148-49ca-a002-36c82c4f3649","url":"http://localhost:8338/klantinteracties/api/v1/digitaleadressen/8342e396-9148-49ca-a002-36c82c4f3649","verstrektDoorBetrokkene":null,"verstrektDoorPartij":{"uuid":"063cd55e-522c-4f33-9fc1-12e87c3ee853","url":"http://localhost:8338/klantinteracties/api/v1/partijen/063cd55e-522c-4f33-9fc1-12e87c3ee853"},"adres":"67602
        Jennifer Bridge Suite 480\nMariaburgh, MO 55486","soortDigitaalAdres":"head","omschrijving":"most"}'
    headers:
      API-version:
      - 0.0.3
      Allow:
      - GET, POST, HEAD, OPTIONS
      Content-Length:
      - '470'
      Content-Type:
      - application/json
      Cross-Origin-Opener-Policy:
      - same-origin
      Location:
      - http://localhost:8338/klantinteracties/api/v1/digitaleadressen/8342e396-9148-49ca-a002-36c82c4f3649
      Referrer-Policy:
      - same-origin
      Vary:
      - origin
      X-Content-Type-Options:
      - nosniff
      X-Frame-Options:
      - DENY
    status:
      code: 201
      message: Created
- request:
    body: null
    headers:
      Authorization:
      - Token b2eb1da9861da88743d72a3fb4344288fe2cba44
    method: GET
    uri: http://localhost:8338/klantinteracties/api/v1/digitaleadressen
  response:
    body:
      string: '{"count":1,"next":null,"previous":null,"results":[{"uuid":"8342e396-9148-49ca-a002-36c82c4f3649","url":"http://localhost:8338/klantinteracties/api/v1/digitaleadressen/8342e396-9148-49ca-a002-36c82c4f3649","verstrektDoorBetrokkene":null,"verstrektDoorPartij":{"uuid":"063cd55e-522c-4f33-9fc1-12e87c3ee853","url":"http://localhost:8338/klantinteracties/api/v1/partijen/063cd55e-522c-4f33-9fc1-12e87c3ee853"},"adres":"67602
        Jennifer Bridge Suite 480\nMariaburgh, MO 55486","soortDigitaalAdres":"head","omschrijving":"most","_expand":{}}]}'
    headers:
      API-version:
      - 0.0.3
      Allow:
      - GET, POST, HEAD, OPTIONS
      Content-Length:
      - '535'
      Content-Type:
      - application/json
      Cross-Origin-Opener-Policy:
      - same-origin
      Referrer-Policy:
      - same-origin
      Vary:
      - origin
      X-Content-Type-Options:
      - nosniff
      X-Frame-Options:
      - DENY
    status:
      code: 200
      message: OK
version: 1
