interactions:
- request:
    body: '{"nummer": "0000000021", "kanaal": "task", "onderwerp": "page", "inhoud":
      "Scientist decade different foot.", "taal": "nld", "indicatieContactGelukt":
      false, "vertrouwelijk": true, "plaatsgevondenOp": "2010-01-25T22:41:53.577490"}'
    headers:
      Authorization:
      - Token b2eb1da9861da88743d72a3fb4344288fe2cba44
      Content-Length:
      - '230'
      Content-Type:
      - application/json
    method: POST
    uri: http://localhost:8338/klantinteracties/api/v1/klantcontacten
  response:
    body:
      string: '{"uuid":"1a581e40-8d13-423b-980b-c50a2f331568","url":"http://localhost:8338/klantinteracties/api/v1/klantcontacten/1a581e40-8d13-423b-980b-c50a2f331568","gingOverOnderwerpobjecten":[],"hadBetrokkenActoren":[],"omvatteBijlagen":[],"hadBetrokkenen":[],"leiddeTotInterneTaken":[],"nummer":"0000000021","kanaal":"task","onderwerp":"page","inhoud":"Scientist
        decade different foot.","indicatieContactGelukt":false,"taal":"nld","vertrouwelijk":true,"plaatsgevondenOp":"2010-01-25T22:41:53.577490Z"}'
    headers:
      API-version:
      - 0.0.3
      Allow:
      - GET, POST, HEAD, OPTIONS
      Content-Length:
      - '492'
      Content-Type:
      - application/json
      Cross-Origin-Opener-Policy:
      - same-origin
      Location:
      - http://localhost:8338/klantinteracties/api/v1/klantcontacten/1a581e40-8d13-423b-980b-c50a2f331568
      Referrer-Policy:
      - same-origin
      Vary:
      - origin
      X-Content-Type-Options:
      - nosniff
      X-Frame-Options:
      - DENY
    status:
      code: 201
      message: Created
- request:
    body: null
    headers:
      Authorization:
      - Token b2eb1da9861da88743d72a3fb4344288fe2cba44
    method: GET
    uri: http://localhost:8338/klantinteracties/api/v1/klantcontacten?page=1
  response:
    body:
      string: '{"count":1,"next":null,"previous":null,"results":[{"uuid":"1a581e40-8d13-423b-980b-c50a2f331568","url":"http://localhost:8338/klantinteracties/api/v1/klantcontacten/1a581e40-8d13-423b-980b-c50a2f331568","gingOverOnderwerpobjecten":[],"hadBetrokkenActoren":[],"omvatteBijlagen":[],"hadBetrokkenen":[],"leiddeTotInterneTaken":[],"nummer":"0000000021","kanaal":"task","onderwerp":"page","inhoud":"Scientist
        decade different foot.","indicatieContactGelukt":false,"taal":"nld","vertrouwelijk":true,"plaatsgevondenOp":"2010-01-25T22:41:53.577490Z","_expand":{}}]}'
    headers:
      API-version:
      - 0.0.3
      Allow:
      - GET, POST, HEAD, OPTIONS
      Content-Length:
      - '557'
      Content-Type:
      - application/json
      Cross-Origin-Opener-Policy:
      - same-origin
      Referrer-Policy:
      - same-origin
      Vary:
      - origin
      X-Content-Type-Options:
      - nosniff
      X-Frame-Options:
      - DENY
    status:
      code: 200
      message: OK
- request:
    body: null
    headers:
      Authorization:
      - Token b2eb1da9861da88743d72a3fb4344288fe2cba44
    method: GET
    uri: http://localhost:8338/klantinteracties/api/v1/klantcontacten?page=1&indicatieContactGelukt=true
  response:
    body:
      string: '{"count":0,"next":null,"previous":null,"results":[]}'
    headers:
      API-version:
      - 0.0.3
      Allow:
      - GET, POST, HEAD, OPTIONS
      Content-Length:
      - '52'
      Content-Type:
      - application/json
      Cross-Origin-Opener-Policy:
      - same-origin
      Referrer-Policy:
      - same-origin
      Vary:
      - origin
      X-Content-Type-Options:
      - nosniff
      X-Frame-Options:
      - DENY
    status:
      code: 200
      message: OK
- request:
    body: '{"nummer": "0000000021", "kanaal": "respond", "onderwerp": "reality", "inhoud":
      "Because myself believe.", "taal": "nld", "indicatieContactGelukt": false, "vertrouwelijk":
      true, "plaatsgevondenOp": "2023-04-28T06:45:25.020565"}'
    headers:
      Authorization:
      - Token b2eb1da9861da88743d72a3fb4344288fe2cba44
      Content-Length:
      - '227'
      Content-Type:
      - application/json
    method: POST
    uri: http://localhost:8338/klantinteracties/api/v1/klantcontacten
  response:
    body:
      string: '{"uuid":"d02ae018-edca-4daa-9a5b-287013a37feb","url":"http://localhost:8338/klantinteracties/api/v1/klantcontacten/d02ae018-edca-4daa-9a5b-287013a37feb","gingOverOnderwerpobjecten":[],"hadBetrokkenActoren":[],"omvatteBijlagen":[],"hadBetrokkenen":[],"leiddeTotInterneTaken":[],"nummer":"0000000021","kanaal":"respond","onderwerp":"reality","inhoud":"Because
        myself believe.","indicatieContactGelukt":false,"taal":"nld","vertrouwelijk":true,"plaatsgevondenOp":"2023-04-28T06:45:25.020565Z"}'
    headers:
      API-version:
      - 0.0.3
      Allow:
      - GET, POST, HEAD, OPTIONS
      Content-Length:
      - '489'
      Content-Type:
      - application/json
      Cross-Origin-Opener-Policy:
      - same-origin
      Location:
      - http://localhost:8338/klantinteracties/api/v1/klantcontacten/d02ae018-edca-4daa-9a5b-287013a37feb
      Referrer-Policy:
      - same-origin
      Vary:
      - origin
      X-Content-Type-Options:
      - nosniff
      X-Frame-Options:
      - DENY
    status:
      code: 201
      message: Created
- request:
    body: null
    headers:
      Authorization:
      - Token b2eb1da9861da88743d72a3fb4344288fe2cba44
    method: GET
    uri: http://localhost:8338/klantinteracties/api/v1/klantcontacten?page=1
  response:
    body:
      string: '{"count":1,"next":null,"previous":null,"results":[{"uuid":"d02ae018-edca-4daa-9a5b-287013a37feb","url":"http://localhost:8338/klantinteracties/api/v1/klantcontacten/d02ae018-edca-4daa-9a5b-287013a37feb","gingOverOnderwerpobjecten":[],"hadBetrokkenActoren":[],"omvatteBijlagen":[],"hadBetrokkenen":[],"leiddeTotInterneTaken":[],"nummer":"0000000021","kanaal":"respond","onderwerp":"reality","inhoud":"Because
        myself believe.","indicatieContactGelukt":false,"taal":"nld","vertrouwelijk":true,"plaatsgevondenOp":"2023-04-28T06:45:25.020565Z","_expand":{}}]}'
    headers:
      API-version:
      - 0.0.3
      Allow:
      - GET, POST, HEAD, OPTIONS
      Content-Length:
      - '554'
      Content-Type:
      - application/json
      Cross-Origin-Opener-Policy:
      - same-origin
      Referrer-Policy:
      - same-origin
      Vary:
      - origin
      X-Content-Type-Options:
      - nosniff
      X-Frame-Options:
      - DENY
    status:
      code: 200
      message: OK
- request:
    body: null
    headers:
      Authorization:
      - Token b2eb1da9861da88743d72a3fb4344288fe2cba44
    method: GET
    uri: http://localhost:8338/klantinteracties/api/v1/klantcontacten?page=1&indicatieContactGelukt=true
  response:
    body:
      string: '{"count":0,"next":null,"previous":null,"results":[]}'
    headers:
      API-version:
      - 0.0.3
      Allow:
      - GET, POST, HEAD, OPTIONS
      Content-Length:
      - '52'
      Content-Type:
      - application/json
      Cross-Origin-Opener-Policy:
      - same-origin
      Referrer-Policy:
      - same-origin
      Vary:
      - origin
      X-Content-Type-Options:
      - nosniff
      X-Frame-Options:
      - DENY
    status:
      code: 200
      message: OK
version: 1
