interactions:
- request:
    body: '{"nummer": "0000000002", "kanaal": "yard", "onderwerp": "individual", "inhoud":
      "Work sing strong side science clear beyond.", "taal": "nld", "indicatieContactGelukt":
      null, "vertrouwelijk": true, "plaatsgevondenOp": "2007-06-01T07:46:41.301062"}'
    headers:
      Authorization:
      - Token b2eb1da9861da88743d72a3fb4344288fe2cba44
      Content-Length:
      - '246'
      Content-Type:
      - application/json
    method: POST
    uri: http://localhost:8338/klantinteracties/api/v1/klantcontacten
  response:
    body:
      string: '{"uuid":"d2295208-9a42-4925-a521-80f5ffb7f0b4","url":"http://localhost:8338/klantinteracties/api/v1/klantcontacten/d2295208-9a42-4925-a521-80f5ffb7f0b4","gingOverOnderwerpobjecten":[],"hadBetrokkenActoren":[],"omvatteBijlagen":[],"hadBetrokkenen":[],"leiddeTotInterneTaken":[],"nummer":"0000000002","kanaal":"yard","onderwerp":"individual","inhoud":"Work
        sing strong side science clear beyond.","indicatieContactGelukt":null,"taal":"nld","vertrouwelijk":true,"plaatsgevondenOp":"2007-06-01T07:46:41.301062Z"}'
    headers:
      API-version:
      - 0.0.3
      Allow:
      - GET, POST, HEAD, OPTIONS
      Content-Length:
      - '508'
      Content-Type:
      - application/json
      Cross-Origin-Opener-Policy:
      - same-origin
      Location:
      - http://localhost:8338/klantinteracties/api/v1/klantcontacten/d2295208-9a42-4925-a521-80f5ffb7f0b4
      Referrer-Policy:
      - same-origin
      Vary:
      - origin
      X-Content-Type-Options:
      - nosniff
      X-Frame-Options:
      - DENY
    status:
      code: 201
      message: Created
- request:
    body: null
    headers:
      Authorization:
      - Token b2eb1da9861da88743d72a3fb4344288fe2cba44
    method: GET
    uri: http://localhost:8338/klantinteracties/api/v1/klantcontacten
  response:
    body:
      string: '{"count":1,"next":null,"previous":null,"results":[{"uuid":"d2295208-9a42-4925-a521-80f5ffb7f0b4","url":"http://localhost:8338/klantinteracties/api/v1/klantcontacten/d2295208-9a42-4925-a521-80f5ffb7f0b4","gingOverOnderwerpobjecten":[],"hadBetrokkenActoren":[],"omvatteBijlagen":[],"hadBetrokkenen":[],"leiddeTotInterneTaken":[],"nummer":"0000000002","kanaal":"yard","onderwerp":"individual","inhoud":"Work
        sing strong side science clear beyond.","indicatieContactGelukt":null,"taal":"nld","vertrouwelijk":true,"plaatsgevondenOp":"2007-06-01T07:46:41.301062Z","_expand":{}}]}'
    headers:
      API-version:
      - 0.0.3
      Allow:
      - GET, POST, HEAD, OPTIONS
      Content-Length:
      - '573'
      Content-Type:
      - application/json
      Cross-Origin-Opener-Policy:
      - same-origin
      Referrer-Policy:
      - same-origin
      Vary:
      - origin
      X-Content-Type-Options:
      - nosniff
      X-Frame-Options:
      - DENY
    status:
      code: 200
      message: OK
- request:
    body: '{"nummer": "0000000002", "kanaal": "film", "onderwerp": "development",
      "inhoud": "Media put reality from television kid tonight.", "taal": "nld", "indicatieContactGelukt":
      false, "vertrouwelijk": false, "plaatsgevondenOp": "2015-01-26T12:52:40.565670"}'
    headers:
      Authorization:
      - Token b2eb1da9861da88743d72a3fb4344288fe2cba44
      Content-Length:
      - '252'
      Content-Type:
      - application/json
    method: POST
    uri: http://localhost:8338/klantinteracties/api/v1/klantcontacten
  response:
    body:
      string: '{"uuid":"6399f85a-18de-4f51-9219-7b1fc98046ae","url":"http://localhost:8338/klantinteracties/api/v1/klantcontacten/6399f85a-18de-4f51-9219-7b1fc98046ae","gingOverOnderwerpobjecten":[],"hadBetrokkenActoren":[],"omvatteBijlagen":[],"hadBetrokkenen":[],"leiddeTotInterneTaken":[],"nummer":"0000000002","kanaal":"film","onderwerp":"development","inhoud":"Media
        put reality from television kid tonight.","indicatieContactGelukt":false,"taal":"nld","vertrouwelijk":false,"plaatsgevondenOp":"2015-01-26T12:52:40.565670Z"}'
    headers:
      API-version:
      - 0.0.3
      Allow:
      - GET, POST, HEAD, OPTIONS
      Content-Length:
      - '514'
      Content-Type:
      - application/json
      Cross-Origin-Opener-Policy:
      - same-origin
      Location:
      - http://localhost:8338/klantinteracties/api/v1/klantcontacten/6399f85a-18de-4f51-9219-7b1fc98046ae
      Referrer-Policy:
      - same-origin
      Vary:
      - origin
      X-Content-Type-Options:
      - nosniff
      X-Frame-Options:
      - DENY
    status:
      code: 201
      message: Created
- request:
    body: null
    headers:
      Authorization:
      - Token b2eb1da9861da88743d72a3fb4344288fe2cba44
    method: GET
    uri: http://localhost:8338/klantinteracties/api/v1/klantcontacten
  response:
    body:
      string: '{"count":1,"next":null,"previous":null,"results":[{"uuid":"6399f85a-18de-4f51-9219-7b1fc98046ae","url":"http://localhost:8338/klantinteracties/api/v1/klantcontacten/6399f85a-18de-4f51-9219-7b1fc98046ae","gingOverOnderwerpobjecten":[],"hadBetrokkenActoren":[],"omvatteBijlagen":[],"hadBetrokkenen":[],"leiddeTotInterneTaken":[],"nummer":"0000000002","kanaal":"film","onderwerp":"development","inhoud":"Media
        put reality from television kid tonight.","indicatieContactGelukt":false,"taal":"nld","vertrouwelijk":false,"plaatsgevondenOp":"2015-01-26T12:52:40.565670Z","_expand":{}}]}'
    headers:
      API-version:
      - 0.0.3
      Allow:
      - GET, POST, HEAD, OPTIONS
      Content-Length:
      - '579'
      Content-Type:
      - application/json
      Cross-Origin-Opener-Policy:
      - same-origin
      Referrer-Policy:
      - same-origin
      Vary:
      - origin
      X-Content-Type-Options:
      - nosniff
      X-Frame-Options:
      - DENY
    status:
      code: 200
      message: OK
version: 1
