interactions:
- request:
    body: '{"digitaleAdressen": null, "voorkeursDigitaalAdres": null, "rekeningnummers":
      null, "voorkeursRekeningnummer": null, "indicatieGeheimhouding": false, "indicatieActief":
      true, "voorkeurstaal": "crp", "soortPartij": "persoon", "partijIdentificatie":
      {"contactnaam": {"voorletters": "Dr.", "voornaam": "Test Persoon", "voorvoegselAchternaam":
      "Mrs.", "achternaam": "Gamble"}}}'
    headers:
      Authorization:
      - Token b2eb1da9861da88743d72a3fb4344288fe2cba44
      Content-Length:
      - '373'
      Content-Type:
      - application/json
    method: POST
    uri: http://localhost:8338/klantinteracties/api/v1/partijen
  response:
    body:
      string: '{"uuid":"d1b7963f-938f-433d-8b1b-0ba4f3d78ee5","url":"http://localhost:8338/klantinteracties/api/v1/partijen/d1b7963f-938f-433d-8b1b-0ba4f3d78ee5","nummer":"0000000001","interneNotitie":"","betrokkenen":[],"categorieRelaties":[],"digitaleAdressen":[],"voorkeursDigitaalAdres":null,"vertegenwoordigden":[],"rekeningnummers":[],"voorkeursRekeningnummer":null,"partijIdentificatoren":[],"soortPartij":"persoon","indicatieGeheimhouding":false,"voorkeurstaal":"crp","indicatieActief":true,"bezoekadres":{"nummeraanduidingId":"","adresregel1":"","adresregel2":"","adresregel3":"","land":""},"correspondentieadres":{"nummeraanduidingId":"","adresregel1":"","adresregel2":"","adresregel3":"","land":""},"partijIdentificatie":{"contactnaam":{"voorletters":"Dr.","voornaam":"Test
        Persoon","voorvoegselAchternaam":"Mrs.","achternaam":"Gamble"},"volledigeNaam":"Test
        Persoon Mrs. Gamble"}}'
    headers:
      API-version:
      - 0.0.3
      Allow:
      - GET, POST, HEAD, OPTIONS
      Content-Length:
      - '877'
      Content-Type:
      - application/json
      Cross-Origin-Opener-Policy:
      - same-origin
      Location:
      - http://localhost:8338/klantinteracties/api/v1/partijen/d1b7963f-938f-433d-8b1b-0ba4f3d78ee5
      Referrer-Policy:
      - same-origin
      Vary:
      - origin
      X-Content-Type-Options:
      - nosniff
      X-Frame-Options:
      - DENY
    status:
      code: 201
      message: Created
- request:
    body: '{"identificeerdePartij": {"uuid": "d1b7963f-938f-433d-8b1b-0ba4f3d78ee5"},
      "partijIdentificator": {"codeObjecttype": "bsn", "codeSoortObjectId": "inp",
      "objectId": "123456789", "codeRegister": "brp"}, "anderePartijIdentificator":
      "optional_identifier_123"}'
    headers:
      Authorization:
      - Token b2eb1da9861da88743d72a3fb4344288fe2cba44
      Content-Length:
      - '256'
      Content-Type:
      - application/json
    method: POST
    uri: http://localhost:8338/klantinteracties/api/v1/partij-identificatoren
  response:
    body:
      string: '{"uuid":"860097e9-3e09-4644-813f-6c8e4997e9ca","url":"http://localhost:8338/klantinteracties/api/v1/partij-identificatoren/860097e9-3e09-4644-813f-6c8e4997e9ca","identificeerdePartij":{"uuid":"d1b7963f-938f-433d-8b1b-0ba4f3d78ee5","url":"http://localhost:8338/klantinteracties/api/v1/partijen/d1b7963f-938f-433d-8b1b-0ba4f3d78ee5"},"anderePartijIdentificator":"optional_identifier_123","partijIdentificator":{"codeObjecttype":"bsn","codeSoortObjectId":"inp","objectId":"123456789","codeRegister":"brp"}}'
    headers:
      API-version:
      - 0.0.3
      Allow:
      - GET, POST, HEAD, OPTIONS
      Content-Length:
      - '503'
      Content-Type:
      - application/json
      Cross-Origin-Opener-Policy:
      - same-origin
      Location:
      - http://localhost:8338/klantinteracties/api/v1/partij-identificatoren/860097e9-3e09-4644-813f-6c8e4997e9ca
      Referrer-Policy:
      - same-origin
      Vary:
      - origin
      X-Content-Type-Options:
      - nosniff
      X-Frame-Options:
      - DENY
    status:
      code: 201
      message: Created
- request:
    body: null
    headers:
      Authorization:
      - Token b2eb1da9861da88743d72a3fb4344288fe2cba44
    method: GET
    uri: http://localhost:8338/klantinteracties/api/v1/partijen/d1b7963f-938f-433d-8b1b-0ba4f3d78ee5?expand=digitaleAdressen
  response:
    body:
      string: '{"uuid":"d1b7963f-938f-433d-8b1b-0ba4f3d78ee5","url":"http://localhost:8338/klantinteracties/api/v1/partijen/d1b7963f-938f-433d-8b1b-0ba4f3d78ee5","nummer":"0000000001","interneNotitie":"","betrokkenen":[],"categorieRelaties":[],"digitaleAdressen":[],"voorkeursDigitaalAdres":null,"vertegenwoordigden":[],"rekeningnummers":[],"voorkeursRekeningnummer":null,"partijIdentificatoren":[{"uuid":"860097e9-3e09-4644-813f-6c8e4997e9ca","url":"http://localhost:8338/klantinteracties/api/v1/partij-identificatoren/860097e9-3e09-4644-813f-6c8e4997e9ca"}],"soortPartij":"persoon","indicatieGeheimhouding":false,"voorkeurstaal":"crp","indicatieActief":true,"bezoekadres":{"nummeraanduidingId":"","adresregel1":"","adresregel2":"","adresregel3":"","land":""},"correspondentieadres":{"nummeraanduidingId":"","adresregel1":"","adresregel2":"","adresregel3":"","land":""},"partijIdentificatie":{"contactnaam":{"voorletters":"Dr.","voornaam":"Test
        Persoon","voorvoegselAchternaam":"Mrs.","achternaam":"Gamble"},"volledigeNaam":"Test
        Persoon Mrs. Gamble"}}'
    headers:
      API-version:
      - 0.0.3
      Allow:
      - GET, PUT, PATCH, DELETE, HEAD, OPTIONS
      Content-Length:
      - '1038'
      Content-Type:
      - application/json
      Cross-Origin-Opener-Policy:
      - same-origin
      Referrer-Policy:
      - same-origin
      Vary:
      - origin
      X-Content-Type-Options:
      - nosniff
      X-Frame-Options:
      - DENY
    status:
      code: 200
      message: OK
- request:
    body: null
    headers:
      Authorization:
      - Token b2eb1da9861da88743d72a3fb4344288fe2cba44
    method: GET
    uri: http://localhost:8338/klantinteracties/api/v1/partijen/d1b7963f-938f-433d-8b1b-0ba4f3d78ee5?expand=digitaleAdressen
  response:
    body:
      string: '{"uuid":"d1b7963f-938f-433d-8b1b-0ba4f3d78ee5","url":"http://localhost:8338/klantinteracties/api/v1/partijen/d1b7963f-938f-433d-8b1b-0ba4f3d78ee5","nummer":"0000000001","interneNotitie":"","betrokkenen":[],"categorieRelaties":[],"digitaleAdressen":[],"voorkeursDigitaalAdres":null,"vertegenwoordigden":[],"rekeningnummers":[],"voorkeursRekeningnummer":null,"partijIdentificatoren":[{"uuid":"860097e9-3e09-4644-813f-6c8e4997e9ca","url":"http://localhost:8338/klantinteracties/api/v1/partij-identificatoren/860097e9-3e09-4644-813f-6c8e4997e9ca"}],"soortPartij":"persoon","indicatieGeheimhouding":false,"voorkeurstaal":"crp","indicatieActief":true,"bezoekadres":{"nummeraanduidingId":"","adresregel1":"","adresregel2":"","adresregel3":"","land":""},"correspondentieadres":{"nummeraanduidingId":"","adresregel1":"","adresregel2":"","adresregel3":"","land":""},"partijIdentificatie":{"contactnaam":{"voorletters":"Dr.","voornaam":"Test
        Persoon","voorvoegselAchternaam":"Mrs.","achternaam":"Gamble"},"volledigeNaam":"Test
        Persoon Mrs. Gamble"}}'
    headers:
      API-version:
      - 0.0.3
      Allow:
      - GET, PUT, PATCH, DELETE, HEAD, OPTIONS
      Content-Length:
      - '1038'
      Content-Type:
      - application/json
      Cross-Origin-Opener-Policy:
      - same-origin
      Referrer-Policy:
      - same-origin
      Vary:
      - origin
      X-Content-Type-Options:
      - nosniff
      X-Frame-Options:
      - DENY
    status:
      code: 200
      message: OK
- request:
    body: '{"adres": "user@bar.com", "soortDigitaalAdres": "email", "verstrektDoorPartij":
      {"uuid": "d1b7963f-938f-433d-8b1b-0ba4f3d78ee5"}, "verstrektDoorBetrokkene":
      null, "omschrijving": "OIP profiel"}'
    headers:
      Authorization:
      - Token b2eb1da9861da88743d72a3fb4344288fe2cba44
      Content-Length:
      - '193'
      Content-Type:
      - application/json
    method: POST
    uri: http://localhost:8338/klantinteracties/api/v1/digitaleadressen
  response:
    body:
      string: '{"uuid":"2b4941c1-d3eb-4154-9fcd-7c3a29f8684d","url":"http://localhost:8338/klantinteracties/api/v1/digitaleadressen/2b4941c1-d3eb-4154-9fcd-7c3a29f8684d","verstrektDoorBetrokkene":null,"verstrektDoorPartij":{"uuid":"d1b7963f-938f-433d-8b1b-0ba4f3d78ee5","url":"http://localhost:8338/klantinteracties/api/v1/partijen/d1b7963f-938f-433d-8b1b-0ba4f3d78ee5"},"adres":"user@bar.com","soortDigitaalAdres":"email","omschrijving":"OIP
        profiel"}'
    headers:
      API-version:
      - 0.0.3
      Allow:
      - GET, POST, HEAD, OPTIONS
      Content-Length:
      - '437'
      Content-Type:
      - application/json
      Cross-Origin-Opener-Policy:
      - same-origin
      Location:
      - http://localhost:8338/klantinteracties/api/v1/digitaleadressen/2b4941c1-d3eb-4154-9fcd-7c3a29f8684d
      Referrer-Policy:
      - same-origin
      Vary:
      - origin
      X-Content-Type-Options:
      - nosniff
      X-Frame-Options:
      - DENY
    status:
      code: 201
      message: Created
- request:
    body: null
    headers:
      Authorization:
      - Token b2eb1da9861da88743d72a3fb4344288fe2cba44
    method: GET
    uri: http://localhost:8338/klantinteracties/api/v1/partijen/d1b7963f-938f-433d-8b1b-0ba4f3d78ee5?expand=digitaleAdressen
  response:
    body:
      string: '{"uuid":"d1b7963f-938f-433d-8b1b-0ba4f3d78ee5","url":"http://localhost:8338/klantinteracties/api/v1/partijen/d1b7963f-938f-433d-8b1b-0ba4f3d78ee5","nummer":"0000000001","interneNotitie":"","betrokkenen":[],"categorieRelaties":[],"digitaleAdressen":[{"uuid":"2b4941c1-d3eb-4154-9fcd-7c3a29f8684d","url":"http://localhost:8338/klantinteracties/api/v1/digitaleadressen/2b4941c1-d3eb-4154-9fcd-7c3a29f8684d"}],"voorkeursDigitaalAdres":null,"vertegenwoordigden":[],"rekeningnummers":[],"voorkeursRekeningnummer":null,"partijIdentificatoren":[{"uuid":"860097e9-3e09-4644-813f-6c8e4997e9ca","url":"http://localhost:8338/klantinteracties/api/v1/partij-identificatoren/860097e9-3e09-4644-813f-6c8e4997e9ca"}],"soortPartij":"persoon","indicatieGeheimhouding":false,"voorkeurstaal":"crp","indicatieActief":true,"bezoekadres":{"nummeraanduidingId":"","adresregel1":"","adresregel2":"","adresregel3":"","land":""},"correspondentieadres":{"nummeraanduidingId":"","adresregel1":"","adresregel2":"","adresregel3":"","land":""},"partijIdentificatie":{"contactnaam":{"voorletters":"Dr.","voornaam":"Test
        Persoon","voorvoegselAchternaam":"Mrs.","achternaam":"Gamble"},"volledigeNaam":"Test
        Persoon Mrs. Gamble"},"_expand":{"digitaleAdressen":[{"uuid":"2b4941c1-d3eb-4154-9fcd-7c3a29f8684d","url":"http://localhost:8338/klantinteracties/api/v1/digitaleadressen/2b4941c1-d3eb-4154-9fcd-7c3a29f8684d","verstrektDoorBetrokkene":null,"verstrektDoorPartij":{"uuid":"d1b7963f-938f-433d-8b1b-0ba4f3d78ee5","url":"http://localhost:8338/klantinteracties/api/v1/partijen/d1b7963f-938f-433d-8b1b-0ba4f3d78ee5"},"adres":"user@bar.com","soortDigitaalAdres":"email","omschrijving":"OIP
        profiel"}]}}'
    headers:
      API-version:
      - 0.0.3
      Allow:
      - GET, PUT, PATCH, DELETE, HEAD, OPTIONS
      Content-Length:
      - '1664'
      Content-Type:
      - application/json
      Cross-Origin-Opener-Policy:
      - same-origin
      Referrer-Policy:
      - same-origin
      Vary:
      - origin
      X-Content-Type-Options:
      - nosniff
      X-Frame-Options:
      - DENY
    status:
      code: 200
      message: OK
- request:
    body: '{"adres": "0644938475", "soortDigitaalAdres": "telefoon", "verstrektDoorPartij":
      {"uuid": "d1b7963f-938f-433d-8b1b-0ba4f3d78ee5"}, "verstrektDoorBetrokkene":
      null, "omschrijving": "OIP profiel"}'
    headers:
      Authorization:
      - Token b2eb1da9861da88743d72a3fb4344288fe2cba44
      Content-Length:
      - '194'
      Content-Type:
      - application/json
    method: POST
    uri: http://localhost:8338/klantinteracties/api/v1/digitaleadressen
  response:
    body:
      string: '{"uuid":"ae2fa161-fda5-4900-aeae-96a83a2d0ab3","url":"http://localhost:8338/klantinteracties/api/v1/digitaleadressen/ae2fa161-fda5-4900-aeae-96a83a2d0ab3","verstrektDoorBetrokkene":null,"verstrektDoorPartij":{"uuid":"d1b7963f-938f-433d-8b1b-0ba4f3d78ee5","url":"http://localhost:8338/klantinteracties/api/v1/partijen/d1b7963f-938f-433d-8b1b-0ba4f3d78ee5"},"adres":"0644938475","soortDigitaalAdres":"telefoon","omschrijving":"OIP
        profiel"}'
    headers:
      API-version:
      - 0.0.3
      Allow:
      - GET, POST, HEAD, OPTIONS
      Content-Length:
      - '438'
      Content-Type:
      - application/json
      Cross-Origin-Opener-Policy:
      - same-origin
      Location:
      - http://localhost:8338/klantinteracties/api/v1/digitaleadressen/ae2fa161-fda5-4900-aeae-96a83a2d0ab3
      Referrer-Policy:
      - same-origin
      Vary:
      - origin
      X-Content-Type-Options:
      - nosniff
      X-Frame-Options:
      - DENY
    status:
      code: 201
      message: Created
- request:
    body: null
    headers:
      Authorization:
      - Token b2eb1da9861da88743d72a3fb4344288fe2cba44
    method: GET
    uri: http://localhost:8338/klantinteracties/api/v1/partijen/d1b7963f-938f-433d-8b1b-0ba4f3d78ee5?expand=digitaleAdressen
  response:
    body:
      string: '{"uuid":"d1b7963f-938f-433d-8b1b-0ba4f3d78ee5","url":"http://localhost:8338/klantinteracties/api/v1/partijen/d1b7963f-938f-433d-8b1b-0ba4f3d78ee5","nummer":"0000000001","interneNotitie":"","betrokkenen":[],"categorieRelaties":[],"digitaleAdressen":[{"uuid":"2b4941c1-d3eb-4154-9fcd-7c3a29f8684d","url":"http://localhost:8338/klantinteracties/api/v1/digitaleadressen/2b4941c1-d3eb-4154-9fcd-7c3a29f8684d"},{"uuid":"ae2fa161-fda5-4900-aeae-96a83a2d0ab3","url":"http://localhost:8338/klantinteracties/api/v1/digitaleadressen/ae2fa161-fda5-4900-aeae-96a83a2d0ab3"}],"voorkeursDigitaalAdres":null,"vertegenwoordigden":[],"rekeningnummers":[],"voorkeursRekeningnummer":null,"partijIdentificatoren":[{"uuid":"860097e9-3e09-4644-813f-6c8e4997e9ca","url":"http://localhost:8338/klantinteracties/api/v1/partij-identificatoren/860097e9-3e09-4644-813f-6c8e4997e9ca"}],"soortPartij":"persoon","indicatieGeheimhouding":false,"voorkeurstaal":"crp","indicatieActief":true,"bezoekadres":{"nummeraanduidingId":"","adresregel1":"","adresregel2":"","adresregel3":"","land":""},"correspondentieadres":{"nummeraanduidingId":"","adresregel1":"","adresregel2":"","adresregel3":"","land":""},"partijIdentificatie":{"contactnaam":{"voorletters":"Dr.","voornaam":"Test
        Persoon","voorvoegselAchternaam":"Mrs.","achternaam":"Gamble"},"volledigeNaam":"Test
        Persoon Mrs. Gamble"},"_expand":{"digitaleAdressen":[{"uuid":"2b4941c1-d3eb-4154-9fcd-7c3a29f8684d","url":"http://localhost:8338/klantinteracties/api/v1/digitaleadressen/2b4941c1-d3eb-4154-9fcd-7c3a29f8684d","verstrektDoorBetrokkene":null,"verstrektDoorPartij":{"uuid":"d1b7963f-938f-433d-8b1b-0ba4f3d78ee5","url":"http://localhost:8338/klantinteracties/api/v1/partijen/d1b7963f-938f-433d-8b1b-0ba4f3d78ee5"},"adres":"user@bar.com","soortDigitaalAdres":"email","omschrijving":"OIP
        profiel"},{"uuid":"ae2fa161-fda5-4900-aeae-96a83a2d0ab3","url":"http://localhost:8338/klantinteracties/api/v1/digitaleadressen/ae2fa161-fda5-4900-aeae-96a83a2d0ab3","verstrektDoorBetrokkene":null,"verstrektDoorPartij":{"uuid":"d1b7963f-938f-433d-8b1b-0ba4f3d78ee5","url":"http://localhost:8338/klantinteracties/api/v1/partijen/d1b7963f-938f-433d-8b1b-0ba4f3d78ee5"},"adres":"0644938475","soortDigitaalAdres":"telefoon","omschrijving":"OIP
        profiel"}]}}'
    headers:
      API-version:
      - 0.0.3
      Allow:
      - GET, PUT, PATCH, DELETE, HEAD, OPTIONS
      Content-Length:
      - '2259'
      Content-Type:
      - application/json
      Cross-Origin-Opener-Policy:
      - same-origin
      Referrer-Policy:
      - same-origin
      Vary:
      - origin
      X-Content-Type-Options:
      - nosniff
      X-Frame-Options:
      - DENY
    status:
      code: 200
      message: OK
version: 1
