interactions:
- request:
    body: '{"digitaleAdressen": null, "voorkeursDigitaalAdres": null, "rekeningnummers":
      null, "voorkeursRekeningnummer": null, "indicatieGeheimhouding": false, "indicatieActief":
      true, "voorkeurstaal": "crp", "soortPartij": "persoon", "partijIdentificatie":
      {"contactnaam": {"voorletters": "Dr.", "voornaam": "Test Persoon", "voorvoegselAchternaam":
      "Mrs.", "achternaam": "Gamble"}}}'
    headers:
      Authorization:
      - Token b2eb1da9861da88743d72a3fb4344288fe2cba44
      Content-Length:
      - '373'
      Content-Type:
      - application/json
    method: POST
    uri: http://localhost:8338/klantinteracties/api/v1/partijen
  response:
    body:
      string: '{"uuid":"78c6a98e-e483-4823-9554-8fdf9b925771","url":"http://localhost:8338/klantinteracties/api/v1/partijen/78c6a98e-e483-4823-9554-8fdf9b925771","nummer":"0000000001","interneNotitie":"","betrokkenen":[],"categorieRelaties":[],"digitaleAdressen":[],"voorkeursDigitaalAdres":null,"vertegenwoordigden":[],"rekeningnummers":[],"voorkeursRekeningnummer":null,"partijIdentificatoren":[],"soortPartij":"persoon","indicatieGeheimhouding":false,"voorkeurstaal":"crp","indicatieActief":true,"bezoekadres":{"nummeraanduidingId":"","adresregel1":"","adresregel2":"","adresregel3":"","land":""},"correspondentieadres":{"nummeraanduidingId":"","adresregel1":"","adresregel2":"","adresregel3":"","land":""},"partijIdentificatie":{"contactnaam":{"voorletters":"Dr.","voornaam":"Test
        Persoon","voorvoegselAchternaam":"Mrs.","achternaam":"Gamble"},"volledigeNaam":"Test
        Persoon Mrs. Gamble"}}'
    headers:
      API-version:
      - 0.0.3
      Allow:
      - GET, POST, HEAD, OPTIONS
      Content-Length:
      - '877'
      Content-Type:
      - application/json
      Cross-Origin-Opener-Policy:
      - same-origin
      Location:
      - http://localhost:8338/klantinteracties/api/v1/partijen/78c6a98e-e483-4823-9554-8fdf9b925771
      Referrer-Policy:
      - same-origin
      Vary:
      - origin
      X-Content-Type-Options:
      - nosniff
      X-Frame-Options:
      - DENY
    status:
      code: 201
      message: Created
- request:
    body: '{"identificeerdePartij": {"uuid": "78c6a98e-e483-4823-9554-8fdf9b925771"},
      "partijIdentificator": {"codeObjecttype": "PERSOON", "codeSoortObjectId": "BSN",
      "objectId": "123456789", "codeRegister": "BRP"}, "anderePartijIdentificator":
      "optional_identifier_123"}'
    headers:
      Authorization:
      - Token b2eb1da9861da88743d72a3fb4344288fe2cba44
      Content-Length:
      - '260'
      Content-Type:
      - application/json
    method: POST
    uri: http://localhost:8338/klantinteracties/api/v1/partij-identificatoren
  response:
    body:
      string: '{"uuid":"26f2af7b-9738-4b07-849e-012e38d1643b","url":"http://localhost:8338/klantinteracties/api/v1/partij-identificatoren/26f2af7b-9738-4b07-849e-012e38d1643b","identificeerdePartij":{"uuid":"78c6a98e-e483-4823-9554-8fdf9b925771","url":"http://localhost:8338/klantinteracties/api/v1/partijen/78c6a98e-e483-4823-9554-8fdf9b925771"},"anderePartijIdentificator":"optional_identifier_123","partijIdentificator":{"codeObjecttype":"PERSOON","codeSoortObjectId":"BSN","objectId":"123456789","codeRegister":"BRP"}}'
    headers:
      API-version:
      - 0.0.3
      Allow:
      - GET, POST, HEAD, OPTIONS
      Content-Length:
      - '507'
      Content-Type:
      - application/json
      Cross-Origin-Opener-Policy:
      - same-origin
      Location:
      - http://localhost:8338/klantinteracties/api/v1/partij-identificatoren/26f2af7b-9738-4b07-849e-012e38d1643b
      Referrer-Policy:
      - same-origin
      Vary:
      - origin
      X-Content-Type-Options:
      - nosniff
      X-Frame-Options:
      - DENY
    status:
      code: 201
      message: Created
- request:
    body: null
    headers:
      Authorization:
      - Token b2eb1da9861da88743d72a3fb4344288fe2cba44
    method: GET
    uri: http://localhost:8338/klantinteracties/api/v1/partij-identificatoren
  response:
    body:
      string: '{"count":1,"next":null,"previous":null,"results":[{"uuid":"26f2af7b-9738-4b07-849e-012e38d1643b","url":"http://localhost:8338/klantinteracties/api/v1/partij-identificatoren/26f2af7b-9738-4b07-849e-012e38d1643b","identificeerdePartij":{"uuid":"78c6a98e-e483-4823-9554-8fdf9b925771","url":"http://localhost:8338/klantinteracties/api/v1/partijen/78c6a98e-e483-4823-9554-8fdf9b925771"},"anderePartijIdentificator":"optional_identifier_123","partijIdentificator":{"codeObjecttype":"PERSOON","codeSoortObjectId":"BSN","objectId":"123456789","codeRegister":"BRP"}}]}'
    headers:
      API-version:
      - 0.0.3
      Allow:
      - GET, POST, HEAD, OPTIONS
      Content-Length:
      - '559'
      Content-Type:
      - application/json
      Cross-Origin-Opener-Policy:
      - same-origin
      Referrer-Policy:
      - same-origin
      Vary:
      - origin
      X-Content-Type-Options:
      - nosniff
      X-Frame-Options:
      - DENY
    status:
      code: 200
      message: OK
version: 1
